{
 "d": 6,
 "T": "0.04",
 "exact_facts": {
  "d": 6,
  "S_i(0) == (d-1)/d for all i": true,
  "sum_i dS_i/deps_j(0) == 0 for j=2..n": true,
  "ok": true
 },
 "N": 6,
 "sigma": 5.0,
 "mu": 0.031924590381889814,
 "gradL_max_abs": 9.627684966824414e-38,
 "beta": 1.7928898414190468,
 "pi": 1.000000499999876,
 "gamma": 2.0318622781528927e-15,
 "normJ": 1.3051218486479659,
 "q_Pi": 0.23672683335537636,
 "b2": 1.2649467386700715,
 "g3_over_T2": 0.09316756717647395,
 "B_L": {
  "3": 0.25093619417896657,
  "4": 0.26563344886691703,
  "5": 0.28547380372874576,
  "6": 0.3097018120311754
 },
 "remL": 1.6046284622874188e-07,
 "q_sphere": 0.23672659662877918,
 "q_est": 0.22545390155026587,
 "cubic_sphere": 0.032547253567750886,
 "cubic_est": 0.030997384349286557,
 "C3raw": 0.5191280581386124,
 "normV": 1.0000004999998762,
 "remG": [
  1.7162356608047966e-07,
  3.1670952204248563e-07,
  3.996791015384939e-07,
  3.997221486575559e-07,
  3.1689412396840366e-07
 ],
 "kappa_iter": [
  0.5441142691354929,
  0.4047648926557597,
  0.4043151621100294,
  0.40431370759673724
 ],
 "kappa": 0.40431370759673724,
 "g_upper": -0.0116029849099996,
 "certified": true,
 "terms": {
  "quad": -0.015962295190944907,
  "penalty": 0.0006538782966024799,
  "cubic_on_K": 0.0013018920955457423,
  "cubic_offK": 0.001859173931639615,
  "cubic_crude_for_comparison": 0.010037447767158663,
  "higher": 0.0004440766782645068,
  "rem": 0.00010028927889296367
 }
}
