{
 "d": 5,
 "T": "0.0527",
 "exact_facts": {
  "d": 5,
  "S_i(0) == (d-1)/d for all i": true,
  "sum_i dS_i/deps_j(0) == 0 for j=2..n": true,
  "ok": true
 },
 "N": 6,
 "sigma": 5.0,
 "mu": 0.05038792127497635,
 "gradL_max_abs": 2.1769925870289168e-38,
 "beta": 1.9928650873471387,
 "pi": 1.0000004999998762,
 "gamma": 8.370605878396506e-16,
 "normJ": 0.980274686471859,
 "q_Pi": 0.14044156178228218,
 "b2": 0.6646921098418119,
 "g3_over_T2": 0.0483134657341576,
 "B_L": {
  "3": 0.08626412886648026,
  "4": 0.06387209619059972,
  "5": 0.07506669633310513,
  "6": 0.07459460112039025
 },
 "remL": 1.1826981849635248e-07,
 "q_sphere": 0.14044142134086052,
 "q_est": 0.13375373460939097,
 "cubic_sphere": 0.021931475325489468,
 "cubic_est": 0.020887119356656637,
 "C3raw": 0.16854126009438172,
 "normV": 1.0000004999998762,
 "remG": [
  1.268204277459692e-07,
  2.5234438968197294e-07,
  3.1457015824452145e-07,
  2.5242357229835626e-07
 ],
 "kappa_iter": [
  0.26070858861415297,
  0.2198734306772668,
  0.21979677799825995,
  0.21979663389147588
 ],
 "kappa": 0.21979663389147588,
 "g_upper": -0.022841789148931275,
 "certified": true,
 "terms": {
  "quad": -0.025193960637488175,
  "penalty": 0.0003354310898308338,
  "cubic_on_K": 0.001155790483336857,
  "cubic_offK": 0.0006294115947292495,
  "cubic_crude_for_comparison": 0.00454611959126351,
  "higher": 0.00018895370814331558,
  "rem": 4.258461251664482e-05
 }
}
