{
 "d": 6,
 "T": "0.01",
 "exact_facts": {
  "d": 6,
  "S_i(0) == (d-1)/d for all i": true,
  "sum_i dS_i/deps_j(0) == 0 for j=2..n": true,
  "ok": true
 },
 "N": 6,
 "sigma": 5.0,
 "mu": 0.031924590381889814,
 "gradL_max_abs": 9.627684966824414e-38,
 "beta": 1.7928898414190468,
 "pi": 1.000000499999876,
 "gamma": 2.0318622781528927e-15,
 "normJ": 1.3051218486479659,
 "q_Pi": 0.23672683335537636,
 "b2": 1.2649467386700715,
 "g3_over_T2": 0.022792488071792644,
 "B_L": {
  "3": 0.25093619417896657,
  "4": 0.26563344886691703,
  "5": 0.28547380372874576,
  "6": 0.3097018120311754
 },
 "remL": 8.835990442539071e-12,
 "q_sphere": 0.23672659662877918,
 "q_est": 0.22545390155026587,
 "cubic_sphere": 0.032547253567750886,
 "cubic_est": 0.030997384349286557,
 "C3raw": 0.5191280581386124,
 "normV": 1.0000004999998762,
 "remG": [
  9.472107008456368e-12,
  1.747356907565056e-11,
  2.19639097357098e-11,
  2.1966335870577144e-11,
  1.7483982734996835e-11
 ],
 "kappa_iter": [
  0.28785136747712425,
  0.2718832871713798,
  0.27188143779829055,
  0.27188143758407857
 ],
 "kappa": 0.27188143758407857,
 "g_upper": -0.015515116052007321,
 "certified": true,
 "terms": {
  "quad": -0.015962295190944907,
  "penalty": 1.8479879025696305e-05,
  "cubic_on_K": 0.0003254730238864356,
  "cubic_offK": 7.628596041248751e-05,
  "cubic_crude_for_comparison": 0.0025093619417896657,
  "higher": 2.685191570854076e-05,
  "rem": 8.835990442539071e-08
 }
}
