{
 "d": 6,
 "T": "0.03",
 "exact_facts": {
  "d": 6,
  "S_i(0) == (d-1)/d for all i": true,
  "sum_i dS_i/deps_j(0) == 0 for j=2..n": true,
  "ok": true
 },
 "N": 6,
 "sigma": 5.0,
 "mu": 0.031924590381889814,
 "gradL_max_abs": 9.627684966824414e-38,
 "beta": 1.7928898414190468,
 "pi": 1.000000499999876,
 "gamma": 2.0318622781528927e-15,
 "normJ": 1.3051218486479659,
 "q_Pi": 0.23672683335537636,
 "b2": 1.2649467386700715,
 "g3_over_T2": 0.0692436032804685,
 "B_L": {
  "3": 0.25093619417896657,
  "4": 0.26563344886691703,
  "5": 0.28547380372874576,
  "6": 0.3097018120311754
 },
 "remL": 2.067052646744514e-08,
 "q_sphere": 0.23672659662877918,
 "q_est": 0.22545390155026587,
 "cubic_sphere": 0.032547253567750886,
 "cubic_est": 0.030997384349286557,
 "C3raw": 0.5191280581386124,
 "normV": 1.0000004999998762,
 "remG": [
  2.212585040927779e-08,
  4.082641106164682e-08,
  5.144851659428778e-08,
  5.145410377169108e-08,
  4.0850382837547907e-08
 ],
 "kappa_iter": [
  0.43417174349057136,
  0.3548156052734955,
  0.3546961563567047,
  0.3546959763488572
 ],
 "kappa": 0.3546959763488572,
 "g_upper": -0.013524345463645294,
 "certified": true,
 "terms": {
  "quad": -0.015962295190944907,
  "penalty": 0.00028307078018565535,
  "cubic_on_K": 0.0009764190716593067,
  "cubic_offK": 0.00090846386867551,
  "cubic_crude_for_comparison": 0.0075280858253689974,
  "higher": 0.00024702875514864673,
  "rem": 2.2967251630494597e-05
 }
}
