{
 "d": 6,
 "T": "0.02",
 "exact_facts": {
  "d": 6,
  "S_i(0) == (d-1)/d for all i": true,
  "sum_i dS_i/deps_j(0) == 0 for j=2..n": true,
  "ok": true
 },
 "N": 6,
 "sigma": 5.0,
 "mu": 0.031924590381889814,
 "gradL_max_abs": 9.627684966824414e-38,
 "beta": 1.7928898414190468,
 "pi": 1.000000499999876,
 "gamma": 2.0318622781528927e-15,
 "normJ": 1.3051218486479659,
 "q_Pi": 0.23672683335537636,
 "b2": 1.2649467386700715,
 "g3_over_T2": 0.0458492028524761,
 "B_L": {
  "3": 0.25093619417896657,
  "4": 0.26563344886691703,
  "5": 0.28547380372874576,
  "6": 0.3097018120311754
 },
 "remL": 1.1690334816424718e-09,
 "q_sphere": 0.23672659662877918,
 "q_est": 0.22545390155026587,
 "cubic_sphere": 0.032547253567750886,
 "cubic_est": 0.030997384349286557,
 "C3raw": 0.5191280581386124,
 "normV": 1.0000004999998762,
 "remG": [
  1.2522890646369735e-09,
  2.310444870965819e-09,
  2.9077354329026494e-09,
  2.9080538792198244e-09,
  2.311811568699451e-09
 ],
 "kappa_iter": [
  0.35183553379387494,
  0.31096348642061755,
  0.31094073976604697,
  0.310940727100655
 ],
 "kappa": 0.310940727100655,
 "g_upper": -0.01475198309585238,
 "certified": true,
 "terms": {
  "quad": -0.015962295190944907,
  "penalty": 9.668413576988401e-05,
  "cubic_on_K": 0.0006509460477728712,
  "cubic_offK": 0.0003511726055791449,
  "cubic_crude_for_comparison": 0.005018723883579331,
  "higher": 0.00010858672226652177,
  "rem": 2.9225837041061793e-06
 }
}
