{
 "d": 6,
 "T": "0.0527",
 "exact_facts": {
  "d": 6,
  "S_i(0) == (d-1)/d for all i": true,
  "sum_i dS_i/deps_j(0) == 0 for j=2..n": true,
  "ok": true
 },
 "N": 6,
 "sigma": 5.0,
 "mu": 0.031924590381889814,
 "gradL_max_abs": 9.627684966824414e-38,
 "beta": 1.7928898414190468,
 "pi": 1.000000499999876,
 "gamma": 2.0318622781528927e-15,
 "normJ": 1.3051218486479659,
 "q_Pi": 0.23672683335537636,
 "b2": 1.2649467386700715,
 "g3_over_T2": 0.12495507786678844,
 "B_L": {
  "3": 0.25093619417896657,
  "4": 0.26563344886691703,
  "5": 0.28547380372874576,
  "6": 0.3097018120311754
 },
 "remL": 1.1591612449253279e-06,
 "q_sphere": 0.23672659662877918,
 "q_est": 0.22545390155026587,
 "cubic_sphere": 0.032547253567750886,
 "cubic_est": 0.030997384349286557,
 "C3raw": 0.5191280581386124,
 "normV": 1.0000004999998762,
 "remG": [
  1.2384551705884688e-06,
  2.285629126029785e-06,
  2.8901354138888523e-06,
  2.890443538115932e-06,
  2.2869492006302415e-06
 ],
 "kappa_iter": [
  0.7514762303286291,
  0.48065580880179765,
  0.47871017029337914,
  0.4786961490296009
 ],
 "kappa": 0.4786961490296009,
 "g_upper": -0.007574098623527288,
 "certified": true,
 "terms": {
  "quad": -0.015962295190944907,
  "penalty": 0.0015910400302446268,
  "cubic_on_K": 0.0017152428358815155,
  "cubic_offK": 0.0038826295516352872,
  "cubic_crude_for_comparison": 0.013224337433231538,
  "higher": 0.0007819128110760163,
  "rem": 0.00041737133858017273
 }
}
