VERSION arbcheck2 2.0 (SPEC.md T-form + SPEC_W.md w-form), built with FLINT 3.6.0, w-form on
arbcheck2 d=6 prec=64 maxref=12 threads=2 wform=1: 49152 tasks, 49152 complete records, checking 49152 records (126610620 nodes)
REFINED id=19414 code=L (note: proved only after refinement) box: 0x1.2p-3+-0x1p-6 0x1.e8p-1+-0x1p-6 -0x1.a8p-1+-0x1p-6 0x1.18p-1+-0x1p-6 0x1.3p-2+-0x1p-6 -0x1.acp-1+-0x1p-7 -0x1.38p-1+-0x1p-6 -0x1.58p-1+-0x1p-6
REFINED id=13382 code=L (note: proved only after refinement) box: 0x1.2p-3+-0x1p-6 0x1.e8p-1+-0x1p-6 -0x1.a8p-1+-0x1p-6 0x1.18p-1+-0x1p-6 -0x1.38p-1+-0x1p-6 -0x1.58p-1+-0x1p-6 0x1.3p-2+-0x1p-6 -0x1.acp-1+-0x1p-7
REFINED id=34616 code=E (note: proved only after refinement) box: 0x1.cp-3+-0x1p-5 0x1.fp-1+-0x1p-5 0x1.2p-2+-0x1p-5 -0x1.fp-1+-0x1p-5 -0x1.98p-1+-0x1p-6 0x1.ap-2+-0x1p-5 -0x1.68p-1+-0x1p-6 -0x1.6p-2+-0x1p-5
REFINED id=44271 code=L (note: proved only after refinement) box: 0x1.c8p-3+-0x1p-8 0x1.dep-1+-0x1p-8 0x1.04p-2+-0x1p-8 -0x1.d6p-1+-0x1p-8 -0x1.82p-1+-0x1p-8 0x1.fcp-2+-0x1p-8 -0x1.7ep-1+-0x1p-8 -0x1.04p-1+-0x1p-7
REFINED id=15031 code=E (note: proved only after refinement) box: 0x1.2p-2+-0x1p-5 0x1.fp-1+-0x1p-5 0x1.cp-3+-0x1p-5 -0x1.fp-1+-0x1p-5 -0x1.98p-1+-0x1p-6 -0x1.ap-2+-0x1p-5 -0x1.68p-1+-0x1p-6 0x1.6p-2+-0x1p-5
REFINED id=21849 code=L (note: proved only after refinement) box: -0x1.a8p-1+-0x1p-6 0x1.18p-1+-0x1p-6 0x1.2p-3+-0x1p-6 0x1.e8p-1+-0x1p-6 0x1.3p-2+-0x1p-6 -0x1.acp-1+-0x1p-7 -0x1.38p-1+-0x1p-6 -0x1.58p-1+-0x1p-6
REFINED id=23764 code=L (note: proved only after refinement) box: -0x1.a8p-1+-0x1p-6 0x1.18p-1+-0x1p-6 0x1.2p-3+-0x1p-6 0x1.e8p-1+-0x1p-6 -0x1.38p-1+-0x1p-6 -0x1.58p-1+-0x1p-6 0x1.3p-2+-0x1p-6 -0x1.acp-1+-0x1p-7
REFINED id=40007 code=L (note: proved only after refinement) box: 0x1.c8p-3+-0x1p-8 0x1.dep-1+-0x1p-8 0x1.04p-2+-0x1p-8 -0x1.d6p-1+-0x1p-8 -0x1.7ep-1+-0x1p-8 -0x1.04p-1+-0x1p-7 -0x1.82p-1+-0x1p-8 0x1.fcp-2+-0x1p-8
REFINED id=24593 code=L (note: proved only after refinement) box: 0x1.04p-2+-0x1p-8 0x1.d6p-1+-0x1p-8 0x1.c8p-3+-0x1p-8 -0x1.dep-1+-0x1p-8 -0x1.7ep-1+-0x1p-8 0x1.04p-1+-0x1p-7 -0x1.82p-1+-0x1p-8 -0x1.fcp-2+-0x1p-8
REFINED id=4778 code=L (note: proved only after refinement) box: 0x1.04p-2+-0x1p-8 0x1.d6p-1+-0x1p-8 0x1.c8p-3+-0x1p-8 -0x1.dep-1+-0x1p-8 -0x1.82p-1+-0x1p-8 -0x1.fcp-2+-0x1p-8 -0x1.7ep-1+-0x1p-8 0x1.04p-1+-0x1p-7
REFINED id=15168 code=F (note: proved only after refinement) box: -0x1.2p-2+-0x1p-5 0x1.9p-1+-0x1p-5 0x1.cp-2+-0x1p-4 -0x1.6p-1+-0x1p-4 -0x1.ep-1+-0x1p-4 0x1p-4+-0x1p-4 -0x1.4p-2+-0x1p-4 -0x1.5p-1+-0x1p-5
REFINED id=29675 code=F (note: proved only after refinement) box: -0x1.ep-1+-0x1p-4 0x1p-4+-0x1p-4 -0x1.2p-2+-0x1p-5 0x1.9p-1+-0x1p-5 -0x1.4p-2+-0x1p-4 -0x1.5p-1+-0x1p-5 0x1.cp-2+-0x1p-4 -0x1.6p-1+-0x1p-4
REFINED id=41155 code=F (note: proved only after refinement) box: -0x1.2p-2+-0x1p-5 0x1.9p-1+-0x1p-5 -0x1.4p-2+-0x1p-4 -0x1.5p-1+-0x1p-5 0x1.cp-2+-0x1p-4 -0x1.6p-1+-0x1p-4 -0x1.ep-1+-0x1p-4 0x1p-4+-0x1p-4
REFINED id=44053 code=F (note: proved only after refinement) box: -0x1.ep-1+-0x1p-4 0x1p-4+-0x1p-4 -0x1.2p-2+-0x1p-5 0x1.9p-1+-0x1p-5 0x1.cp-2+-0x1p-4 -0x1.6p-1+-0x1p-4 -0x1.4p-2+-0x1p-4 -0x1.5p-1+-0x1p-5
REFINED id=38766 code=F (note: proved only after refinement) box: -0x1.ep-1+-0x1p-4 0x1p-4+-0x1p-4 0x1.cp-2+-0x1p-4 -0x1.6p-1+-0x1p-4 -0x1.2p-2+-0x1p-5 0x1.9p-1+-0x1p-5 -0x1.4p-2+-0x1p-4 -0x1.5p-1+-0x1p-5
REFINED id=9145 code=F (note: proved only after refinement) box: 0x1.cp-2+-0x1p-4 0x1.6p-1+-0x1p-4 -0x1.ep-1+-0x1p-4 -0x1p-4+-0x1p-4 -0x1.2p-2+-0x1p-5 -0x1.9p-1+-0x1p-5 -0x1.4p-2+-0x1p-4 0x1.5p-1+-0x1p-5
REFINED id=13375 code=F (note: proved only after refinement) box: -0x1.ep-1+-0x1p-4 0x1p-4+-0x1p-4 -0x1.4p-2+-0x1p-4 -0x1.5p-1+-0x1p-5 0x1.cp-2+-0x1p-4 -0x1.6p-1+-0x1p-4 -0x1.2p-2+-0x1p-5 0x1.9p-1+-0x1p-5
REFINED id=9724 code=F (note: proved only after refinement) box: -0x1.4p-2+-0x1p-4 0x1.5p-1+-0x1p-5 0x1.cp-2+-0x1p-4 0x1.6p-1+-0x1p-4 -0x1.ep-1+-0x1p-4 -0x1p-4+-0x1p-4 -0x1.2p-2+-0x1p-5 -0x1.9p-1+-0x1p-5
REFINED id=11488 code=F (note: proved only after refinement) box: -0x1.ep-1+-0x1p-4 -0x1p-4+-0x1p-4 -0x1.2p-2+-0x1p-5 -0x1.9p-1+-0x1p-5 -0x1.4p-2+-0x1p-4 0x1.5p-1+-0x1p-5 0x1.cp-2+-0x1p-4 0x1.6p-1+-0x1p-4
REFINED id=13632 code=F (note: proved only after refinement) box: -0x1.ep-1+-0x1p-4 -0x1p-4+-0x1p-4 -0x1.2p-2+-0x1p-5 -0x1.9p-1+-0x1p-5 0x1.cp-2+-0x1p-4 0x1.6p-1+-0x1p-4 -0x1.4p-2+-0x1p-4 0x1.5p-1+-0x1p-5
SUMMARY d=6 records=49152 nodes=126610620 leaves=63329886 F=25543603 E=14611796 L=10368301 O=1816394 S=10731913 X=257879 U=0 direct=63329864 refined=22 subboxes=44 fail=0 failed_records=0 missing=0 dup=0 unknown=0 badheader=0 tail_incomplete=0 wform_direct=33885213 (F=14626596 E=8892549 L=10366068) wform_subboxes=42 maxdepth=70 wall=966.7s cpu=1923.9s status=PASS
