# run started (date removed)

########## main certificate: T = 1/19, Taylor degree 6
=== Local certificate, d=6: T = 1/19 (= 0.052632), Taylor degree N = 6, prec = 200 bits
[1] exact facts at x = 0 (exact arithmetic in Q(omega))
  S_1(0) = 5/6 exactly: True
  S_2(0) = 5/6 exactly: True
  S_3(0) = 5/6 exactly: True
  S_4(0) = 5/6 exactly: True
  S_5(0) = 5/6 exactly: True
  sum_i dS_i/deps_2(0) = 0 exactly in Q(omega): True
  sum_i dS_i/deps_3(0) = 0 exactly in Q(omega): True
  sum_i dS_i/deps_4(0) = 0 exactly in Q(omega): True
  sum_i dS_i/deps_5(0) = 0 exactly in Q(omega): True
[2] exact Taylor coefficients of S_i up to degree 6 -> arb; real polynomials U_i + i V_i = S_i/c
    tail bounds tau_i(T): ['[4.6889e-11 +/- 3.31e-16]', '[5.7540e-9 +/- 1.54e-14]', '[5.7540e-9 +/- 1.54e-14]', '[5.7540e-9 +/- 1.54e-14]', '[5.7540e-9 +/- 1.54e-14]']
[3] alpha_i = [U_i^2 + V_i^2]_{<=Nt} and error bounds E_i(T)
    E_i(T): ['[1.7481e-10 +/- 4.87e-15]', '[1.8283e-8 +/- 2.16e-14]', '[1.9643e-8 +/- 1.80e-13]', '[1.9643e-8 +/- 1.80e-13]', '[1.8283e-8 +/- 2.16e-14]']
[4] design of multipliers (floating point; choices only)
    singular values of Lambda: [3.91289049 2.61024239 1.62520399 1.53968654]
    Phi_2 on ker Lambda: max eigenvalue -0.039177
    gamma = 0.04309;  |Gamma|_F = 1.0191;  |psi| = 1.1773
    float |G3|_F before/after Psi: 1.64361 / 0.10154
    design loaded from design_T1_19.json (Gamma, Psi as saved; the float design above is not used)
[5] rigorous assembly of the explicit part G of F = Phi + sum_a mu_a(x) D_a(x)
    float eigenvalues of H2 (quadratic part of F): [-0.43685 -0.29128 -0.05217 -0.04309 -0.04309 -0.04309 -0.04309 -0.03918]
    certified: G_2(x) <= -lambda |x|^2 with lambda = 42023795/1073741824 = 0.03913771: True
[6] bounds on higher-order terms at s = T
    |G_3|_F = [0.101540 +/- 5.01e-7]   contribution |G_3| T^1 = [0.00534424 +/- 3.16e-9]
    |G_4|_F = [1.19089 +/- 1.02e-6]   contribution |G_4| T^2 = [0.00329886 +/- 1.45e-9]
    |G_5|_F = [1.60358 +/- 4.06e-7]   contribution |G_5| T^3 = [0.000233792 +/- 1.58e-10]
    |G_6|_F = [2.02901 +/- 3.37e-6]   contribution |G_6| T^4 = [1.55693e-5 +/- 8.59e-13]
    total error bound errF(T) = [5.56930e-8 +/- 2.12e-14];  errF(T)/T^2 = [2.01052e-5 +/- 1.94e-11]
    lambda - sum_m |G_m| T^(m-2) - errF/T^2 = [0.030225144 +/- 3.39e-11]
[7] RESULT: F(x) <= -([0.030225144 +/- 3.39e-11]) |x|^2 for all |x| <= T : True
    => on E with |x| <= T:  Phi <= -[0.030225144 +/- 3.39e-11] |x|^2,  L - log(5/6) <= Phi/2 <= -kappa |x|^2 with kappa = [0.015112572 +/- 1.70e-11]
[8] FINAL: for all x in E with |x|_2 <= 1/19:  L(x) <= log(5/6) - 151/10000 |x|_2^2   (certified: True)
    total time 0.9 s

########## hand-over (SPEC section 3)
[H1] relabelling of the 24 balls
     permutations checked: 24/24; each relabelling is a bijection fixing index 1 and sends the
     centre conj(w)^(a_j) of coordinate j to the centre conj(w)^(k-1) of coordinate k = tau^-1(j).
[H2] ball around p0 in the eps-chart
     C = -log(1-r)/r = [1.02586588775 +/- 1.02e-12] ;  |x|_2 <= C r = log(20/19) = [0.0512932943876 +/- 4.95e-14]
     log(20/19) < T = 1/19 = [0.0526315789474 +/- 3.16e-14] : True
HANDOVER PASSED

########## extended certificate: T = 1/8, Taylor degree 6 (not needed for the hand-over)
=== Local certificate, d=6: T = 1/8 (= 0.125000), Taylor degree N = 6, prec = 200 bits
[1] exact facts at x = 0 (exact arithmetic in Q(omega))
  S_1(0) = 5/6 exactly: True
  S_2(0) = 5/6 exactly: True
  S_3(0) = 5/6 exactly: True
  S_4(0) = 5/6 exactly: True
  S_5(0) = 5/6 exactly: True
  sum_i dS_i/deps_2(0) = 0 exactly in Q(omega): True
  sum_i dS_i/deps_3(0) = 0 exactly in Q(omega): True
  sum_i dS_i/deps_4(0) = 0 exactly in Q(omega): True
  sum_i dS_i/deps_5(0) = 0 exactly in Q(omega): True
[2] exact Taylor coefficients of S_i up to degree 6 -> arb; real polynomials U_i + i V_i = S_i/c
    tail bounds tau_i(T): ['[2.0305e-8 +/- 1.99e-13]', '[2.5427e-6 +/- 1.40e-11]', '[2.5427e-6 +/- 1.40e-11]', '[2.5427e-6 +/- 1.40e-11]', '[2.5427e-6 +/- 1.40e-11]']
[3] alpha_i = [U_i^2 + V_i^2]_{<=Nt} and error bounds E_i(T)
    E_i(T): ['[7.8397e-8 +/- 1.05e-13]', '[8.5811e-6 +/- 5.61e-12]', '[9.2234e-6 +/- 4.94e-11]', '[9.2234e-6 +/- 4.94e-11]', '[8.5811e-6 +/- 5.61e-12]']
[4] design of multipliers (floating point; choices only)
    singular values of Lambda: [3.91289049 2.61024239 1.62520399 1.53968654]
    Phi_2 on ker Lambda: max eigenvalue -0.039177
    gamma = 0.04309;  |Gamma|_F = 1.0191;  |psi| = 1.1719
    float |G3|_F before/after Psi: 1.64361 / 0.10347
    design loaded from design_T1_8.json (Gamma, Psi as saved; the float design above is not used)
[5] rigorous assembly of the explicit part G of F = Phi + sum_a mu_a(x) D_a(x)
    float eigenvalues of H2 (quadratic part of F): [-0.43685 -0.29128 -0.05217 -0.04309 -0.04309 -0.04309 -0.04309 -0.03918]
    certified: G_2(x) <= -lambda |x|^2 with lambda = 42023795/1073741824 = 0.03913771: True
[6] bounds on higher-order terms at s = T
    |G_3|_F = [0.103469 +/- 1.17e-7]   contribution |G_3| T^1 = [0.0129336 +/- 3.96e-8]
    |G_4|_F = [1.17249 +/- 2.42e-6]   contribution |G_4| T^2 = [0.0183202 +/- 6.07e-9]
    |G_5|_F = [1.57942 +/- 8.34e-7]   contribution |G_5| T^3 = [0.00308481 +/- 3.69e-9]
    |G_6|_F = [1.99782 +/- 1.48e-6]   contribution |G_6| T^4 = [0.000487749 +/- 3.85e-10]
    total error bound errF(T) = [2.65435e-5 +/- 1.34e-11];  errF(T)/T^2 = [0.00169878 +/- 3.15e-9]
    lambda - sum_m |G_m| T^(m-2) - errF/T^2 = [0.0026125367 +/- 3.28e-11]
[7] RESULT: F(x) <= -([0.0026125367 +/- 3.28e-11]) |x|^2 for all |x| <= T : True
    => on E with |x| <= T:  Phi <= -[0.0026125367 +/- 3.28e-11] |x|^2,  L - log(5/6) <= Phi/2 <= -kappa |x|^2 with kappa = [0.0013062683 +/- 3.37e-11]
[8] FINAL: for all x in E with |x|_2 <= 1/8:  L(x) <= log(5/6) - 13/10000 |x|_2^2   (certified: True)
    total time 0.8 s

########## non-rigorous float cross-check of the pipeline (not part of the proof)
crosscheck at T = 1/19, N = 6: certified F/|x|^2 <= -0.030225, errF(T) = 5.569e-08
  s = 0.05263: max |F_direct - G| = 1.447e-10   (rigorous bound errF(s) <= 5.569e-08)
  s = 0.02632: max |F_direct - G| = 1.062e-12   (rigorous bound errF(s) <= 4.351e-10)
  s = 0.01316: max |F_direct - G| = 7.190e-15   (rigorous bound errF(s) <= 3.399e-12)
  worst sampled F/|x|^2 = -0.043831  (certified <= -0.030225)
  relabelling: max |S_k(b') - S_tau(k)(b)| over 24 permutations = 8.04e-14
CROSSCHECK PASSED

# overall status: ALL PASSED   wall time 16 s
