arbcheck d=6 prec=64 maxref=12 threads=3: 49152 tasks, 49152 complete records, checking 49152 records (1874817938 nodes)
REFINED id=34616 code=E (note: proved only after refinement) box: 0x1.cp-3+-0x1p-5 0x1.c8p-1+-0x1p-6 0x1.6p-3+-0x1p-6 -0x1.d8p-1+-0x1p-6 -0x1.a8p-1+-0x1p-6 0x1.dp-2+-0x1p-6 -0x1.48p-1+-0x1p-6 -0x1.dp-2+-0x1p-6
REFINED id=18097 code=E (note: proved only after refinement) box: 0x1.ep-3+-0x1p-6 0x1.e4p-1+-0x1p-7 0x1.38p-2+-0x1p-7 -0x1.dcp-1+-0x1p-7 -0x1.a4p-1+-0x1p-7 0x1.28p-1+-0x1p-6 -0x1.84p-1+-0x1p-7 -0x1.34p-1+-0x1p-7
REFINED id=34616 code=F (note: proved only after refinement) box: 0x1.cp-3+-0x1p-5 0x1.f8p-1+-0x1p-6 0x1.4p-4+-0x1p-6 -0x1.a8p-1+-0x1p-6 -0x1.78p-1+-0x1p-6 0x1.2p-3+-0x1p-6 -0x1.18p-1+-0x1p-6 -0x1.9p-2+-0x1p-6
REFINED id=19414 code=L (note: proved only after refinement) box: 0x1.32p-2+-0x1p-9 0x1.e7p-1+-0x1p-9 -0x1.a5p-1+-0x1p-9 0x1.25p-1+-0x1p-9 0x1.1ep-2+-0x1p-9 -0x1.dbp-1+-0x1p-9 -0x1.85p-1+-0x1p-9 -0x1.33p-1+-0x1p-9
REFINED id=34616 code=E (note: proved only after refinement) box: 0x1.8p-4+-0x1p-5 0x1.b8p-1+-0x1p-6 0x1.2p-2+-0x1p-5 -0x1.b8p-1+-0x1p-6 -0x1.78p-1+-0x1p-6 0x1.5p-2+-0x1p-6 -0x1.68p-1+-0x1p-6 -0x1.9p-2+-0x1p-6
REFINED id=34616 code=E (note: proved only after refinement) box: 0x1.2p-2+-0x1p-5 0x1.b8p-1+-0x1p-6 0x1.8p-4+-0x1p-5 -0x1.b8p-1+-0x1p-6 -0x1.68p-1+-0x1p-6 0x1.9p-2+-0x1p-6 -0x1.78p-1+-0x1p-6 -0x1.5p-2+-0x1p-6
REFINED id=19414 code=F (note: proved only after refinement) box: 0x1.12p-2+-0x1p-9 0x1.e7p-1+-0x1p-9 -0x1.9dp-1+-0x1p-9 0x1.0dp-1+-0x1p-9 0x1.12p-2+-0x1p-9 -0x1.d5p-1+-0x1p-9 -0x1.7bp-1+-0x1p-9 -0x1.25p-1+-0x1p-9
REFINED id=18097 code=E (note: proved only after refinement) box: 0x1.22p-2+-0x1p-9 0x1.e78p-1+-0x1p-10 0x1.12p-2+-0x1p-9 -0x1.e08p-1+-0x1p-10 -0x1.998p-1+-0x1p-10 0x1.15p-1+-0x1p-9 -0x1.868p-1+-0x1p-10 -0x1.1dp-1+-0x1p-9
REFINED id=15031 code=E (note: proved only after refinement) box: 0x1.6p-3+-0x1p-6 0x1.d8p-1+-0x1p-6 0x1.cp-3+-0x1p-5 -0x1.c8p-1+-0x1p-6 -0x1.a8p-1+-0x1p-6 -0x1.dp-2+-0x1p-6 -0x1.48p-1+-0x1p-6 0x1.dp-2+-0x1p-6
REFINED id=15031 code=E (note: proved only after refinement) box: 0x1.8p-4+-0x1p-5 0x1.b8p-1+-0x1p-6 0x1.2p-2+-0x1p-5 -0x1.b8p-1+-0x1p-6 -0x1.68p-1+-0x1p-6 -0x1.9p-2+-0x1p-6 -0x1.78p-1+-0x1p-6 0x1.5p-2+-0x1p-6
REFINED id=15031 code=E (note: proved only after refinement) box: 0x1.2p-2+-0x1p-5 0x1.b8p-1+-0x1p-6 0x1.8p-4+-0x1p-5 -0x1.b8p-1+-0x1p-6 -0x1.78p-1+-0x1p-6 -0x1.5p-2+-0x1p-6 -0x1.68p-1+-0x1p-6 0x1.9p-2+-0x1p-6
REFINED id=44271 code=F (note: proved only after refinement) box: 0x1p-6+-0x1p-6 0x1.e4p-1+-0x1p-7 0x1.3p-2+-0x1p-6 -0x1.acp-1+-0x1p-7 -0x1.84p-1+-0x1p-7 0x1.1p-2+-0x1p-6 -0x1.48p-1+-0x1p-6 -0x1.08p-1+-0x1p-6
REFINED id=13382 code=L (note: proved only after refinement) box: 0x1.32p-2+-0x1p-9 0x1.e7p-1+-0x1p-9 -0x1.a5p-1+-0x1p-9 0x1.25p-1+-0x1p-9 -0x1.85p-1+-0x1p-9 -0x1.33p-1+-0x1p-9 0x1.1ep-2+-0x1p-9 -0x1.dbp-1+-0x1p-9
REFINED id=21849 code=E (note: proved only after refinement) box: -0x1.a4p-1+-0x1p-7 0x1.28p-1+-0x1p-6 0x1.ep-3+-0x1p-6 0x1.e4p-1+-0x1p-7 0x1.38p-2+-0x1p-7 -0x1.dcp-1+-0x1p-7 -0x1.84p-1+-0x1p-7 -0x1.34p-1+-0x1p-7
REFINED id=21849 code=F (note: proved only after refinement) box: -0x1.84p-1+-0x1p-7 0x1.58p-1+-0x1p-6 0x1.bp-2+-0x1p-6 0x1.c4p-1+-0x1p-7 0x1.6p-3+-0x1p-6 -0x1.ecp-1+-0x1p-7 -0x1.9cp-1+-0x1p-7 -0x1.18p-1+-0x1p-6
REFINED id=23764 code=E (note: proved only after refinement) box: -0x1.a4p-1+-0x1p-7 0x1.28p-1+-0x1p-6 0x1.ep-3+-0x1p-6 0x1.e4p-1+-0x1p-7 -0x1.84p-1+-0x1p-7 -0x1.34p-1+-0x1p-7 0x1.38p-2+-0x1p-7 -0x1.dcp-1+-0x1p-7
REFINED id=23764 code=E (note: proved only after refinement) box: -0x1.84p-1+-0x1p-7 0x1.34p-1+-0x1p-7 0x1.38p-2+-0x1p-7 0x1.dcp-1+-0x1p-7 -0x1.a4p-1+-0x1p-7 -0x1.28p-1+-0x1p-6 0x1.ep-3+-0x1p-6 -0x1.e4p-1+-0x1p-7
REFINED id=23764 code=F (note: proved only after refinement) box: -0x1.84p-1+-0x1p-7 0x1.58p-1+-0x1p-6 0x1.bp-2+-0x1p-6 0x1.c4p-1+-0x1p-7 -0x1.9cp-1+-0x1p-7 -0x1.18p-1+-0x1p-6 0x1.6p-3+-0x1p-6 -0x1.ecp-1+-0x1p-7
REFINED id=13297 code=E (note: proved only after refinement) box: 0x1.ep-3+-0x1p-6 0x1.e4p-1+-0x1p-7 -0x1.84p-1+-0x1p-7 -0x1.34p-1+-0x1p-7 0x1.38p-2+-0x1p-7 -0x1.dcp-1+-0x1p-7 -0x1.a4p-1+-0x1p-7 0x1.28p-1+-0x1p-6
REFINED id=21849 code=L (note: proved only after refinement) box: -0x1.a5p-1+-0x1p-9 0x1.25p-1+-0x1p-9 0x1.32p-2+-0x1p-9 0x1.e7p-1+-0x1p-9 0x1.1ep-2+-0x1p-9 -0x1.dbp-1+-0x1p-9 -0x1.85p-1+-0x1p-9 -0x1.33p-1+-0x1p-9
SUMMARY d=6 records=49152 nodes=1874817938 leaves=937433545 F=561202241 E=145383090 L=37946415 O=18661249 S=173649477 X=591073 U=0 direct=937433427 refined=118 subboxes=240 fail=0 failed_records=0 missing=0 dup=0 unknown=0 badheader=0 tail_incomplete=0 maxdepth=71 wall=11973.9s cpu=12151.1s status=PASS
exit 0
